Product: MDK-ARM Professional 5.10
Component: ARM Compiler 5.04 update 1 (build 49)
Tool: armlink [5040049]

==============================================================================

Section Cross References

    system_mk64f12.o(.text) refers to system_mk64f12.o(.data) for SystemCoreClock
    startup_mk64f12.o(STACK) refers (Special) to heapauxi.o(.text) for __use_two_region_memory
    startup_mk64f12.o(HEAP) refers (Special) to heapauxi.o(.text) for __use_two_region_memory
    startup_mk64f12.o(RESET) refers (Special) to heapauxi.o(.text) for __use_two_region_memory
    startup_mk64f12.o(RESET) refers to startup_mk64f12.o(STACK) for __initial_sp
    startup_mk64f12.o(RESET) refers to startup_mk64f12.o(.text) for Reset_Handler
    startup_mk64f12.o(RESET) refers to common.o(.text) for NMI_Handler
    startup_mk64f12.o(RESET) refers to wdog.o(.text) for Watchdog_IRQHandler
    startup_mk64f12.o(RESET) refers to uart.o(.text) for UART0_RX_TX_IRQHandler
    startup_mk64f12.o(RESET) refers to adc.o(.text) for ADC0_IRQHandler
    startup_mk64f12.o(RESET) refers to pit.o(.text) for PIT0_IRQHandler
    startup_mk64f12.o(RESET) refers to gpio.o(.text) for PORTA_IRQHandler
    startup_mk64f12.o(.ARM.__at_0x400) refers (Special) to heapauxi.o(.text) for __use_two_region_memory
    startup_mk64f12.o(.text) refers (Special) to heapauxi.o(.text) for __use_two_region_memory
    startup_mk64f12.o(.text) refers to system_mk64f12.o(.text) for SystemInit
    startup_mk64f12.o(.text) refers to __main.o(!!!main) for __main
    startup_mk64f12.o(.text) refers to startup_mk64f12.o(HEAP) for Heap_Mem
    startup_mk64f12.o(.text) refers to startup_mk64f12.o(STACK) for Stack_Mem
    main.o(.text) refers to ini.o(.text) for ini
    main.o(.text) refers to pit.o(.text) for PIT_Init
    main.o(.text) refers to read.o(.text) for AD7366
    main.o(.text) refers to f2d.o(x$fpl$f2d) for __aeabi_f2d
    main.o(.text) refers to ddiv_clz.o(x$fpl$ddiv) for __aeabi_ddiv
    main.o(.text) refers to d2f_clz.o(x$fpl$d2f) for __aeabi_d2f
    main.o(.text) refers to common.o(.text) for DelayMs
    main.o(.text) refers to output.o(.text) for SPI
    main.o(.text) refers to wdog.o(.text) for WDOG_Refresh
    main.o(.text) refers to read.o(.data) for time
    main.o(.text) refers to main.o(.data) for zeit_c
    read.o(.text) refers to common.o(.text) for DelayUs
    read.o(.text) refers to arm_rfft_fast_init_f32.o(.text) for arm_rfft_fast_init_f32
    read.o(.text) refers to arm_std_f32.o(.text) for arm_std_f32
    read.o(.text) refers to arm_max_f32.o(.text) for arm_max_f32
    read.o(.text) refers to arm_rfft_fast_f32.o(.text) for arm_rfft_fast_f32
    read.o(.text) refers to arm_cmplx_conj_f32.o(.text) for arm_cmplx_conj_f32
    read.o(.text) refers to arm_cmplx_mult_cmplx_f32.o(.text) for arm_cmplx_mult_cmplx_f32
    read.o(.text) refers to arm_mean_f32.o(.text) for arm_mean_f32
    read.o(.text) refers to read.o(.data) for t_max
    read.o(.text) refers to data.o(.data) for data0
    read.o(.text) refers to read.o(.bss) for pOut0
    ini.o(.text) refers to gpio.o(.text) for GPIO_QuickInit
    ini.o(.text) refers to common.o(.text) for DelayInit
    ini.o(.text) refers to systick.o(.text) for SYSTICK_DelayInit
    ini.o(.text) refers to wdog.o(.text) for WDOG_QuickInit
    sw.o(.text) refers to gpio.o(.text) for GPIO_WriteBit
    sw.o(.text) refers to systick.o(.text) for SYSTICK_DelayUs
    tc.o(.text) refers to gpio.o(.text) for GPIO_ReadBit
    tc.o(.text) refers to dflt_clz.o(x$fpl$dfltu) for __aeabi_ui2d
    tc.o(.text) refers to dmul_clz.o(x$fpl$dmul) for __aeabi_dmul
    dcp.o(.text) refers to common.o(.text) for DelayUs
    output.o(.text) refers to dflt_clz.o(x$fpl$dflt) for __aeabi_i2d
    output.o(.text) refers to dmul_clz.o(x$fpl$dmul) for __aeabi_dmul
    output.o(.text) refers to dfixu.o(x$fpl$dfixu) for __aeabi_d2uiz
    output.o(.text) refers to crc.o(.text) for CRC16_GenerateSoftware
    output.o(.text) refers to common.o(.text) for DelayMs
    output.o(.text) refers to uart.o(.text) for UART_WriteByte
    output.o(.text) refers to ini.o(.text) for BusSet
    output.o(.text) refers to output.o(.data) for vVecNow
    output.o(.text) refers to main.o(.data) for echo_data
    output.o(.text) refers to ini.o(.data) for addr_slave
    output.o(.text) refers to ini.o(.bss) for ch_HostOutput
    output.o(.text) refers to read.o(.data) for v_lv
    gpio.o(.text) refers to gpio.o(.constdata) for SIM_GPIOClockGateTable
    gpio.o(.text) refers to gpio.o(.bss) for GPIO_CallBackTable
    uart.o(.text) refers to common.o(.text) for GetClock
    uart.o(.text) refers to uart.o(.constdata) for UARTBase
    uart.o(.text) refers to uart.o(.data) for UART_DebugInstance
    uart.o(.text) refers to gpio.o(.text) for PORT_PinMuxConfig
    uart.o(.text) refers to uart.o(.bss) for UART_CallBackTxTable
    uart.o(.data) refers to uart.o(.conststring) for .conststring
    wdog.o(.text) refers to common.o(.text) for GetClock
[...]
    ..\..\..\..\Libraries\startup\DeviceSupport\system_MK64F12.c 0x00000000   Number         0  system_mk64f12.o ABSOLUTE
    ..\CommonTables\arm_common_tables.c      0x00000000   Number         0  arm_common_tables.o ABSOLUTE
    ..\ComplexMathFunctions\arm_cmplx_conj_f32.c 0x00000000   Number         0  arm_cmplx_conj_f32.o ABSOLUTE
    ..\ComplexMathFunctions\arm_cmplx_mult_cmplx_f32.c 0x00000000   Number         0  arm_cmplx_mult_cmplx_f32.o ABSOLUTE
    ..\StatisticsFunctions\arm_max_f32.c     0x00000000   Number         0  arm_max_f32.o ABSOLUTE
    ..\StatisticsFunctions\arm_mean_f32.c    0x00000000   Number         0  arm_mean_f32.o ABSOLUTE
    ..\StatisticsFunctions\arm_std_f32.c     0x00000000   Number         0  arm_std_f32.o ABSOLUTE
    ..\TransformFunctions\arm_cfft_f32.c     0x00000000   Number         0  arm_cfft_f32.o ABSOLUTE
    ..\TransformFunctions\arm_cfft_radix8_f32.c 0x00000000   Number         0  arm_cfft_radix8_f32.o ABSOLUTE
    ..\TransformFunctions\arm_rfft_fast_f32.c 0x00000000   Number         0  arm_rfft_fast_f32.o ABSOLUTE
    ..\TransformFunctions\arm_rfft_fast_init_f32.c 0x00000000   Number         0  arm_rfft_fast_init_f32.o ABSOLUTE
    ..\\..\\..\\..\\Libraries\\drivers\\K\\src\\adc.c 0x00000000   Number         0  adc.o ABSOLUTE
    ..\\..\\..\\..\\Libraries\\drivers\\K\\src\\common.c 0x00000000   Number         0  common.o ABSOLUTE
    ..\\..\\..\\..\\Libraries\\drivers\\K\\src\\gpio.c 0x00000000   Number         0  gpio.o ABSOLUTE
    ..\\..\\..\\..\\Libraries\\drivers\\K\\src\\i2c.c 0x00000000   Number         0  i2c.o ABSOLUTE
    ..\\..\\..\\..\\Libraries\\drivers\\K\\src\\pit.c 0x00000000   Number         0  pit.o ABSOLUTE
    ..\\..\\..\\..\\Libraries\\drivers\\K\\src\\systick.c 0x00000000   Number         0  systick.o ABSOLUTE
    ..\\..\\..\\..\\Libraries\\drivers\\K\\src\\uart.c 0x00000000   Number         0  uart.o ABSOLUTE
    ..\\..\\..\\..\\Libraries\\drivers\\K\\src\\wdog.c 0x00000000   Number         0  wdog.o ABSOLUTE
    ..\\..\\..\\..\\Libraries\\startup\\DeviceSupport\\system_MK64F12.c 0x00000000   Number         0  system_mk64f12.o ABSOLUTE
    ..\\CommonTables\\arm_common_tables.c    0x00000000   Number         0  arm_common_tables.o ABSOLUTE
    ..\\ComplexMathFunctions\\arm_cmplx_conj_f32.c 0x00000000   Number         0  arm_cmplx_conj_f32.o ABSOLUTE
    ..\\ComplexMathFunctions\\arm_cmplx_mult_cmplx_f32.c 0x00000000   Number         0  arm_cmplx_mult_cmplx_f32.o ABSOLUTE
    ..\\StatisticsFunctions\\arm_max_f32.c   0x00000000   Number         0  arm_max_f32.o ABSOLUTE
    ..\\StatisticsFunctions\\arm_mean_f32.c  0x00000000   Number         0  arm_mean_f32.o ABSOLUTE
    ..\\StatisticsFunctions\\arm_std_f32.c   0x00000000   Number         0  arm_std_f32.o ABSOLUTE
    ..\\TransformFunctions\\arm_bitreversal2.S 0x00000000   Number         0  arm_bitreversal2.o ABSOLUTE
    ..\\TransformFunctions\\arm_cfft_f32.c   0x00000000   Number         0  arm_cfft_f32.o ABSOLUTE
    ..\\TransformFunctions\\arm_cfft_radix8_f32.c 0x00000000   Number         0  arm_cfft_radix8_f32.o ABSOLUTE
    ..\\TransformFunctions\\arm_rfft_fast_f32.c 0x00000000   Number         0  arm_rfft_fast_f32.o ABSOLUTE
    ..\\TransformFunctions\\arm_rfft_fast_init_f32.c 0x00000000   Number         0  arm_rfft_fast_init_f32.o ABSOLUTE
    ..\\src\\crc.c                           0x00000000   Number         0  crc.o ABSOLUTE
    ..\\src\\dcp.c                           0x00000000   Number         0  dcp.o ABSOLUTE
    ..\\src\\ini.c                           0x00000000   Number         0  ini.o ABSOLUTE
    ..\\src\\main.c                          0x00000000   Number         0  main.o ABSOLUTE
    ..\\src\\sw.c                            0x00000000   Number         0  sw.o ABSOLUTE
    ..\\src\\tc.c                            0x00000000   Number         0  tc.o ABSOLUTE
    ..\src\crc.c                             0x00000000   Number         0  crc.o ABSOLUTE
    ..\src\dcp.c                             0x00000000   Number         0  dcp.o ABSOLUTE
    ..\src\ini.c                             0x00000000   Number         0  ini.o ABSOLUTE
    ..\src\main.c                            0x00000000   Number         0  main.o ABSOLUTE
    ..\src\sw.c                              0x00000000   Number         0  sw.o ABSOLUTE
    ..\src\tc.c                              0x00000000   Number         0  tc.o ABSOLUTE
    Data.c                                   0x00000000   Number         0  data.o ABSOLUTE
    Data.c                                   0x00000000   Number         0  data.o ABSOLUTE
    Read.c                                   0x00000000   Number         0  read.o ABSOLUTE
    Read.c                                   0x00000000   Number         0  read.o ABSOLUTE
    dc.s                                     0x00000000   Number         0  dc.o ABSOLUTE
    output.c                                 0x00000000   Number         0  output.o ABSOLUTE
    output.c                                 0x00000000   Number         0  output.o ABSOLUTE
    .ARM.__at_0x400                          0x00000400   Section       16  startup_mk64f12.o(.ARM.__at_0x400)
    !!!main                                  0x00000410   Section        8  __main.o(!!!main)
    !!!scatter                               0x00000418   Section       52  __scatter.o(!!!scatter)
    !!dclz77c                                0x0000044c   Section      100  __dclz77c.o(!!dclz77c)
    !!handler_zi                             0x000004b0   Section       28  __scatter_zi.o(!!handler_zi)
    . text                                   0x000004cc   Section      106  arm_bitreversal2.o(. text)
    $v0                                      0x000004cc   Number         0  arm_bitreversal2.o(. text)
    .ARM.Collect$$libinit$$00000000          0x00000536   Section        2  libinit.o(.ARM.Collect$$libinit$$00000000)
    .ARM.Collect$$libinit$$00000001          0x00000538   Section        4  libinit2.o(.ARM.Collect$$libinit$$00000001)
    .ARM.Collect$$libinit$$00000008          0x0000053c   Section        0  libinit2.o(.ARM.Collect$$libinit$$00000008)
    .ARM.Collect$$libinit$$0000000A          0x0000053c   Section        0  libinit2.o(.ARM.Collect$$libinit$$0000000A)
    .ARM.Collect$$libinit$$0000000C          0x0000053c   Section        0  libinit2.o(.ARM.Collect$$libinit$$0000000C)
    .ARM.Collect$$libinit$$0000000F          0x0000053c   Section        0  libinit2.o(.ARM.Collect$$libinit$$0000000F)
    .ARM.Collect$$libinit$$00000011          0x0000053c   Section        0  libinit2.o(.ARM.Collect$$libinit$$00000011)
    .ARM.Collect$$libinit$$00000013          0x0000053c   Section        0  libinit2.o(.ARM.Collect$$libinit$$00000013)
    .ARM.Collect$$libinit$$00000015          0x0000053c   Section        0  libinit2.o(.ARM.Collect$$libinit$$00000015)
    .ARM.Collect$$libinit$$00000017          0x0000053c   Section        0  libinit2.o(.ARM.Collect$$libinit$$00000017)
    .ARM.Collect$$libinit$$00000019          0x0000053c   Section        0  libinit2.o(.ARM.Collect$$libinit$$00000019)
    .ARM.Collect$$libinit$$0000001B          0x0000053c   Section        0  libinit2.o(.ARM.Collect$$libinit$$0000001B)
    .ARM.Collect$$libinit$$0000001D          0x0000053c   Section        0  libinit2.o(.ARM.Collect$$libinit$$0000001D)
    .ARM.Collect$$libinit$$0000001F          0x0000053c   Section        0  libinit2.o(.ARM.Collect$$libinit$$0000001F)
    .ARM.Collect$$libinit$$00000021          0x0000053c   Section        0  libinit2.o(.ARM.Collect$$libinit$$00000021)
    .ARM.Collect$$libinit$$00000023          0x0000053c   Section        0  libinit2.o(.ARM.Collect$$libinit$$00000023)
    .ARM.Collect$$libinit$$0000002A          0x0000053c   Section        0  libinit2.o(.ARM.Collect$$libinit$$0000002A)
    .ARM.Collect$$libinit$$0000002C          0x0000053c   Section        0  libinit2.o(.ARM.Collect$$libinit$$0000002C)
    .ARM.Collect$$libinit$$0000002E          0x0000053c   Section        0  libinit2.o(.ARM.Collect$$libinit$$0000002E)
    .ARM.Collect$$libinit$$00000030          0x0000053c   Section        0  libinit2.o(.ARM.Collect$$libinit$$00000030)
    .ARM.Collect$$libinit$$00000031          0x0000053c   Section        2  libinit2.o(.ARM.Collect$$libinit$$00000031)
    .ARM.Collect$$libshutdown$$00000000      0x0000053e   Section        2  libshutdown.o(.ARM.Collect$$libshutdown$$00000000)
    .ARM.Collect$$libshutdown$$00000003      0x00000540   Section        0  libshutdown2.o(.ARM.Collect$$libshutdown$$00000003)
    .ARM.Collect$$libshutdown$$00000006      0x00000540   Section        0  libshutdown2.o(.ARM.Collect$$libshutdown$$00000006)
    .ARM.Collect$$libshutdown$$00000009      0x00000540   Section        0  libshutdown2.o(.ARM.Collect$$libshutdown$$00000009)
    .ARM.Collect$$libshutdown$$0000000B      0x00000540   Section        0  libshutdown2.o(.ARM.Collect$$libshutdown$$0000000B)
    .ARM.Collect$$libshutdown$$0000000E      0x00000540   Section        0  libshutdown2.o(.ARM.Collect$$libshutdown$$0000000E)
    .ARM.Collect$$libshutdown$$0000000F      0x00000540   Section        2  libshutdown2.o(.ARM.Collect$$libshutdown$$0000000F)
    .ARM.Collect$$rtentry$$00000000          0x00000542   Section        0  rtentry.o(.ARM.Collect$$rtentry$$00000000)
    .ARM.Collect$$rtentry$$00000002          0x00000542   Section        0  rtentry2.o(.ARM.Collect$$rtentry$$00000002)
    .ARM.Collect$$rtentry$$00000004          0x00000542   Section        6  rtentry4.o(.ARM.Collect$$rtentry$$00000004)
    .ARM.Collect$$rtentry$$00000009          0x00000548   Section        0  rtentry2.o(.ARM.Collect$$rtentry$$00000009)
    .ARM.Collect$$rtentry$$0000000A          0x00000548   Section        4  rtentry2.o(.ARM.Collect$$rtentry$$0000000A)
    .ARM.Collect$$rtentry$$0000000C          0x0000054c   Section        0  rtentry2.o(.ARM.Collect$$rtentry$$0000000C)
    .ARM.Collect$$rtentry$$0000000D          0x0000054c   Section        8  rtentry2.o(.ARM.Collect$$rtentry$$0000000D)
    .ARM.Collect$$rtexit$$00000000           0x00000554   Section        2  rtexit.o(.ARM.Collect$$rtexit$$00000000)
    .ARM.Collect$$rtexit$$00000002           0x00000556   Section        0  rtexit2.o(.ARM.Collect$$rtexit$$00000002)
    .ARM.Collect$$rtexit$$00000003           0x00000556   Section        4  rtexit2.o(.ARM.Collect$$rtexit$$00000003)
    .ARM.Collect$$rtexit$$00000004           0x0000055a   Section        6  rtexit2.o(.ARM.Collect$$rtexit$$00000004)
    .text                                    0x00000560   Section        0  system_mk64f12.o(.text)
    .text                                    0x00000750   Section       64  startup_mk64f12.o(.text)
    $v0                                      0x00000750   Number         0  startup_mk64f12.o(.text)
    .text                                    0x00000790   Section        0  main.o(.text)
    .text                                    0x00000910   Section        0  read.o(.text)
    .text                                    0x00000b7c   Section        0  ini.o(.text)
    .text                                    0x00000d00   Section        0  output.o(.text)
    .text                                    0x000015d8   Section        0  gpio.o(.text)
    PORT_IRQHandler                          0x00001ae7   Thumb Code    48  gpio.o(.text)
    NVIC_EnableIRQ                           0x00001b49   Thumb Code    22  gpio.o(.text)
    .text                                    0x00001b74   Section        0  uart.o(.text)
    UART_putstr                              0x00001c69   Thumb Code    26  uart.o(.text)
    printn                                   0x00001c83   Thumb Code    48  uart.o(.text)
    UART_IRQ_Handler                         0x000023b9   Thumb Code   190  uart.o(.text)
    NVIC_EnableIRQ                           0x000024b3   Thumb Code    22  uart.o(.text)
    .text                                    0x000024d4   Section        0  wdog.o(.text)
    WDOG_Unlock                              0x000024d5   Thumb Code    20  wdog.o(.text)
    .text                                    0x00002634   Section        0  adc.o(.text)
    .text                                    0x00002c40   Section        0  systick.o(.text)
    .text                                    0x00002d7c   Section        0  common.o(.text)
    .text                                    0x00002ee4   Section        0  crc.o(.text)
    CRC_HAL_GetCrcResult                     0x00002fd3   Thumb Code    46  crc.o(.text)
    .text                                    0x000030e0   Section        0  pit.o(.text)
    PIT_IRQHandler                           0x00003211   Thumb Code    42  pit.o(.text)
    .text                                    0x00003280   Section        0  arm_cmplx_conj_f32.o(.text)
    .text                                    0x00003364   Section        0  arm_cmplx_mult_cmplx_f32.o(.text)
    .text                                    0x00003454   Section        0  arm_rfft_fast_f32.o(.text)
    .text                                    0x00003660   Section        0  arm_rfft_fast_init_f32.o(.text)
    .text                                    0x00003788   Section        0  arm_max_f32.o(.text)
    .text                                    0x0000385c   Section        0  arm_mean_f32.o(.text)
    .text                                    0x0000390c   Section        0  arm_std_f32.o(.text)
    .text                                    0x00003a14   Section        0  arm_cfft_f32.o(.text)
    .text                                    0x00004124   Section        0  arm_cfft_radix8_f32.o(.text)
    .text                                    0x00004600   Section        0  heapauxi.o(.text)
    .text                                    0x00004608   Section        0  _fptrap.o(.text)
    .text                                    0x00004638   Section       74  sys_stackheap_outer.o(.text)
    .text                                    0x00004682   Section        0  exit.o(.text)
    .text                                    0x0000468e   Section        0  defsig_fpe_outer.o(.text)
    .text                                    0x0000469c   Section        8  libspace.o(.text)
    .text                                    0x000046a4   Section        0  defsig_exit.o(.text)
    .text                                    0x000046b0   Section        0  defsig_fpe_inner.o(.text)
    .text                                    0x0000475c   Section        0  sys_exit.o(.text)
    .text                                    0x00004768   Section        0  defsig_general.o(.text)
    .text                                    0x0000479a   Section        0  sys_wrch.o(.text)
    .text                                    0x000047a8   Section        2  use_no_semi.o(.text)
    .text                                    0x000047aa   Section        0  indicate_semi.o(.text)
    x$fpl$d2f                                0x000047ac   Section      708  d2f_clz.o(x$fpl$d2f)
    $v0                                      0x000047ac   Number         0  d2f_clz.o(x$fpl$d2f)
    x$fpl$ddiv                               0x00004a70   Section      888  ddiv_clz.o(x$fpl$ddiv)
    $v0                                      0x00004a70   Number         0  ddiv_clz.o(x$fpl$ddiv)
    ddiv_entry                               0x00004a77   Thumb Code     0  ddiv_clz.o(x$fpl$ddiv)
    x$fpl$dfixu                              0x00004de8   Section      220  dfixu.o(x$fpl$dfixu)
    $v0                                      0x00004de8   Number         0  dfixu.o(x$fpl$dfixu)
    x$fpl$dflt                               0x00004ec4   Section       46  dflt_clz.o(x$fpl$dflt)
    $v0                                      0x00004ec4   Number         0  dflt_clz.o(x$fpl$dflt)
    x$fpl$dfltn                              0x00004ef2   Section       26  dflt_clz.o(x$fpl$dfltn)
    $v0                                      0x00004ef2   Number         0  dflt_clz.o(x$fpl$dfltn)
    x$fpl$dmul                               0x00004f0c   Section      448  dmul_clz.o(x$fpl$dmul)
    $v0                                      0x00004f0c   Number         0  dmul_clz.o(x$fpl$dmul)
    x$fpl$dnaninf                            0x000050cc   Section      258  dnaninf.o(x$fpl$dnaninf)
    $v0                                      0x000050cc   Number         0  dnaninf.o(x$fpl$dnaninf)
    x$fpl$drenorm                            0x000051ce   Section      112  drenorm_clz.o(x$fpl$drenorm)
    $v0                                      0x000051ce   Number         0  drenorm_clz.o(x$fpl$drenorm)
    x$fpl$dretinf                            0x0000523e   Section       12  dretinf.o(x$fpl$dretinf)
    $v0                                      0x0000523e   Number         0  dretinf.o(x$fpl$dretinf)
    x$fpl$dunder                             0x0000524a   Section      378  dunder_clz.o(x$fpl$dunder)
    $v0                                      0x0000524a   Number         0  dunder_clz.o(x$fpl$dunder)
    x$fpl$exception                          0x000053c4   Section      492  except.o(x$fpl$exception)
    $v0                                      0x000053c4   Number         0  except.o(x$fpl$exception)
    x$fpl$f2d                                0x000055b0   Section      122  f2d.o(x$fpl$f2d)
    $v0                                      0x000055b0   Number         0  f2d.o(x$fpl$f2d)
    x$fpl$fnaninf                            0x0000562a   Section      242  fnaninf.o(x$fpl$fnaninf)
    $v0                                      0x0000562a   Number         0  fnaninf.o(x$fpl$fnaninf)
    x$fpl$fpinit                             0x0000571c   Section       10  fpinit.o(x$fpl$fpinit)
    $v0                                      0x0000571c   Number         0  fpinit.o(x$fpl$fpinit)
    x$fpl$fretinf                            0x00005726   Section       10  fretinf.o(x$fpl$fretinf)
    $v0                                      0x00005726   Number         0  fretinf.o(x$fpl$fretinf)
    x$fpl$funder                             0x00005730   Section      316  funder_clz.o(x$fpl$funder)
    $v0                                      0x00005730   Number         0  funder_clz.o(x$fpl$funder)
    x$fpl$retnan                             0x0000586c   Section      178  retnan.o(x$fpl$retnan)
    $v0                                      0x0000586c   Number         0  retnan.o(x$fpl$retnan)
    x$fpl$trapveneer                         0x0000591e   Section      126  trapv.o(x$fpl$trapveneer)
    $v0                                      0x0000591e   Number         0  trapv.o(x$fpl$trapveneer)
    .constdata                               0x0000599c   Section       65  gpio.o(.constdata)
    x$fpl$usenofp                            0x0000599c   Section        0  usenofp.o(x$fpl$usenofp)
    GPIO_InstanceTable                       0x0000599c   Data          20  gpio.o(.constdata)
    PORT_InstanceTable                       0x000059b0   Data          20  gpio.o(.constdata)
    SIM_GPIOClockGateTable                   0x000059c4   Data          20  gpio.o(.constdata)
    GPIO_IRQnTable                           0x000059d8   Data           5  gpio.o(.constdata)
    .constdata                               0x000059e0   Section      132  uart.o(.constdata)
    UARTBase                                 0x000059e0   Data          24  uart.o(.constdata)
    ClkTbl                                   0x000059f8   Data          72  uart.o(.constdata)
    UART_IRQnTable                           0x00005a40   Data           6  uart.o(.constdata)
    UART_TIFOSizeTable                       0x00005a48   Data          28  uart.o(.constdata)
    .constdata                               0x00005a64   Section       34  adc.o(.constdata)
    ADC_InstanceTable                        0x00005a64   Data           8  adc.o(.constdata)
    SIM_ADCClockGateTable                    0x00005a6c   Data          24  adc.o(.constdata)
    ADC_IRQnTable                            0x00005a84   Data           2  adc.o(.constdata)
    .constdata                               0x00005a86   Section        4  pit.o(.constdata)
    PIT_IRQnTable                            0x00005a86   Data           4  pit.o(.constdata)
    .constdata                               0x00005a8c   Section      128  arm_common_tables.o(.constdata)
    .constdata                               0x00005b0c   Section      256  arm_common_tables.o(.constdata)
    .constdata                               0x00005c0c   Section      512  arm_common_tables.o(.constdata)
    .constdata                               0x00005e0c   Section     1024  arm_common_tables.o(.constdata)
    .constdata                               0x0000620c   Section     2048  arm_common_tables.o(.constdata)
    .constdata                               0x00006a0c   Section     4096  arm_common_tables.o(.constdata)
    .constdata                               0x00007a0c   Section     8192  arm_common_tables.o(.constdata)
    .constdata                               0x00009a0c   Section    16384  arm_common_tables.o(.constdata)
    .constdata                               0x0000da0c   Section       40  arm_common_tables.o(.constdata)
    .constdata                               0x0000da34   Section       96  arm_common_tables.o(.constdata)
    .constdata                               0x0000da94   Section      112  arm_common_tables.o(.constdata)
    .constdata                               0x0000db04   Section      416  arm_common_tables.o(.constdata)
    .constdata                               0x0000dca4   Section      880  arm_common_tables.o(.constdata)
    .constdata                               0x0000e014   Section      896  arm_common_tables.o(.constdata)
    .constdata                               0x0000e394   Section     3600  arm_common_tables.o(.constdata)
    .constdata                               0x0000f1a4   Section     7616  arm_common_tables.o(.constdata)
    .constdata                               0x00010f64   Section      128  arm_common_tables.o(.constdata)
    .constdata                               0x00010fe4   Section      256  arm_common_tables.o(.constdata)
    .constdata                               0x000110e4   Section      512  arm_common_tables.o(.constdata)
    .constdata                               0x000112e4   Section     1024  arm_common_tables.o(.constdata)
    .constdata                               0x000116e4   Section     2048  arm_common_tables.o(.constdata)
    .constdata                               0x00011ee4   Section     4096  arm_common_tables.o(.constdata)
    .constdata                               0x00012ee4   Section     8192  arm_common_tables.o(.constdata)
    .constdata                               0x00014ee4   Section    16384  arm_common_tables.o(.constdata)
    .conststring                             0x00018ee4   Section       17  uart.o(.conststring)
    .data                                    0x20000000   Section        4  system_mk64f12.o(.data)
    .data                                    0x20000008   Section      169  main.o(.data)
    device_addr                              0x20000008   Data           1  main.o(.data)
    .data                                    0x200000b4   Section    32768  data.o(.data)
    .data                                    0x200080b4   Section      100  read.o(.data)
    device_addr                              0x200080b4   Data           1  read.o(.data)
    .data                                    0x20008118   Section       47  ini.o(.data)
    device_addr                              0x20008118   Data           1  ini.o(.data)
    .data                                    0x20008148   Section       12  output.o(.data)
    device_addr                              0x20008148   Data           1  output.o(.data)
    .data                                    0x20008154   Section       17  uart.o(.data)
    UART_DebugInstance                       0x20008154   Data           1  uart.o(.data)
    ntab                                     0x20008160   Data           4  uart.o(.data)
    is_fitst_init                            0x20008164   Data           1  uart.o(.data)
    .data                                    0x20008168   Section        4  wdog.o(.data)
    WDOG_CallBackTable                       0x20008168   Data           4  wdog.o(.data)
    .data                                    0x2000816c   Section        8  adc.o(.data)
    ADC_CallBackTable                        0x2000816c   Data           8  adc.o(.data)
    .data                                    0x20008174   Section        8  systick.o(.data)
    fac_us                                   0x20008174   Data           4  systick.o(.data)
    fac_ms                                   0x20008178   Data           4  systick.o(.data)
    .data                                    0x2000817c   Section      176  crc.o(.data)
    CRCProtocolAttrTable                     0x2000817c   Data         176  crc.o(.data)
    .data                                    0x2000822c   Section        4  pit.o(.data)
    fac_us                                   0x2000822c   Data           4  pit.o(.data)
    .bss                                     0x20008230   Section    65536  read.o(.bss)
    .bss                                     0x20018230   Section       26  ini.o(.bss)
    .bss                                     0x2001824c   Section       20  gpio.o(.bss)
    GPIO_CallBackTable                       0x2001824c   Data          20  gpio.o(.bss)
    .bss                                     0x20018260   Section       48  uart.o(.bss)
    UART_CallBackTxTable                     0x20018260   Data          24  uart.o(.bss)
    UART_CallBackRxTable                     0x20018278   Data          24  uart.o(.bss)
    .bss                                     0x20018290   Section       16  pit.o(.bss)
    PIT_CallBackTable                        0x20018290   Data          16  pit.o(.bss)
    .bss                                     0x200182a0   Section       96  libspace.o(.bss)
    HEAP                                     0x20018300   Section     1024  startup_mk64f12.o(HEAP)
    Heap_Mem                                 0x20018300   Data        1024  startup_mk64f12.o(HEAP)
    STACK                                    0x20018700   Section     2048  startup_mk64f12.o(STACK)
    Stack_Mem                                0x20018700   Data        2048  startup_mk64f12.o(STACK)
    __initial_sp                             0x20018f00   Data           0  startup_mk64f12.o(STACK)

    Global Symbols

    Symbol Name                              Value     Ov Type        Size  Object(Section)

    BuildAttributes$$THM_ISAv4$E$P$D$K$B$S$7EM$VFPi3$EXTD16$VFPS$VFMA$PE$A:L22UL41UL21$X:L11$S22US41US21$IEEE1$IW$USESV6$~STKCKD$USESV7$~SHL$OTIME$ROPI$IEEEX$EBA8$UX$STANDARDLIB$REQ8$PRES8$EABIv2 0x00000000   Number         0  anon$$obj.o ABSOLUTE
    __ARM_use_no_argv                        0x00000000   Number         0  main.o ABSOLUTE
    __Vectors                                0x00000000   Data           4  startup_mk64f12.o(RESET)
    __ARM_exceptions_init                     - Undefined Weak Reference
    __alloca_initialize                       - Undefined Weak Reference
    __cpp_initialize__aeabi_                  - Undefined Weak Reference
    __cxa_finalize                            - Undefined Weak Reference
    __rt_locale                               - Undefined Weak Reference
    __sigvec_lookup                           - Undefined Weak Reference
    _atexit_init                              - Undefined Weak Reference
    _call_atexit_fns                          - Undefined Weak Reference
    _clock_init                               - Undefined Weak Reference
    _fp_trap_big                              - Undefined Weak Reference
    _fp_trap_init                             - Undefined Weak Reference
    _fp_trap_shutdown                         - Undefined Weak Reference
    _get_lc_collate                           - Undefined Weak Reference
    _get_lc_ctype                             - Undefined Weak Reference
    _get_lc_monetary                          - Undefined Weak Reference
    _get_lc_numeric                           - Undefined Weak Reference
    _get_lc_time                              - Undefined Weak Reference
    _getenv_init                              - Undefined Weak Reference
    _handle_redirection                       - Undefined Weak Reference
    _init_alloc                               - Undefined Weak Reference
    _init_user_alloc                          - Undefined Weak Reference
    _initio                                   - Undefined Weak Reference
    _rand_init                                - Undefined Weak Reference
    _signal_finish                            - Undefined Weak Reference
    _signal_init                              - Undefined Weak Reference
    _terminate_alloc                          - Undefined Weak Reference
    _terminate_user_alloc                     - Undefined Weak Reference
    _terminateio                              - Undefined Weak Reference
    __Vectors_End                            0x00000400   Data           0  startup_mk64f12.o(RESET)
    __Vectors_Size                           0x00000400   Number         0  startup_mk64f12.o ABSOLUTE
    __main                                   0x00000411   Thumb Code     8  __main.o(!!!main)
    __scatterload                            0x00000419   Thumb Code     0  __scatter.o(!!!scatter)
    __scatterload_rt2                        0x00000419   Thumb Code    44  __scatter.o(!!!scatter)
    __scatterload_rt2_thumb_only             0x00000419   Thumb Code     0  __scatter.o(!!!scatter)
    __scatterload_null                       0x00000427   Thumb Code     0  __scatter.o(!!!scatter)
    __decompress                             0x0000044d   Thumb Code   100  __dclz77c.o(!!dclz77c)
    __decompress2                            0x0000044d   Thumb Code     0  __dclz77c.o(!!dclz77c)
    __scatterload_zeroinit                   0x000004b1   Thumb Code    28  __scatter_zi.o(!!handler_zi)
    arm_bitreversal_32                       0x000004cd   Thumb Code   106  arm_bitreversal2.o(. text)
    __rt_lib_init                            0x00000537   Thumb Code     0  libinit.o(.ARM.Collect$$libinit$$00000000)
    __rt_lib_init_fp_1                       0x00000539   Thumb Code     0  libinit2.o(.ARM.Collect$$libinit$$00000001)
    __rt_lib_init_alloca_1                   0x0000053d   Thumb Code     0  libinit2.o(.ARM.Collect$$libinit$$0000002C)
    __rt_lib_init_argv_1                     0x0000053d   Thumb Code     0  libinit2.o(.ARM.Collect$$libinit$$0000002A)
    __rt_lib_init_atexit_1                   0x0000053d   Thumb Code     0  libinit2.o(.ARM.Collect$$libinit$$00000019)
    __rt_lib_init_clock_1                    0x0000053d   Thumb Code     0  libinit2.o(.ARM.Collect$$libinit$$0000001F)
    __rt_lib_init_cpp_1                      0x0000053d   Thumb Code     0  libinit2.o(.ARM.Collect$$libinit$$00000030)
    __rt_lib_init_exceptions_1               0x0000053d   Thumb Code     0  libinit2.o(.ARM.Collect$$libinit$$0000002E)
    __rt_lib_init_fp_trap_1                  0x0000053d   Thumb Code     0  libinit2.o(.ARM.Collect$$libinit$$0000001D)
    __rt_lib_init_getenv_1                   0x0000053d   Thumb Code     0  libinit2.o(.ARM.Collect$$libinit$$00000021)
    __rt_lib_init_heap_1                     0x0000053d   Thumb Code     0  libinit2.o(.ARM.Collect$$libinit$$00000008)
    __rt_lib_init_lc_collate_1               0x0000053d   Thumb Code     0  libinit2.o(.ARM.Collect$$libinit$$0000000F)
    __rt_lib_init_lc_ctype_1                 0x0000053d   Thumb Code     0  libinit2.o(.ARM.Collect$$libinit$$00000011)
    __rt_lib_init_lc_monetary_1              0x0000053d   Thumb Code     0  libinit2.o(.ARM.Collect$$libinit$$00000013)
    __rt_lib_init_lc_numeric_1               0x0000053d   Thumb Code     0  libinit2.o(.ARM.Collect$$libinit$$00000015)
    __rt_lib_init_lc_time_1                  0x0000053d   Thumb Code     0  libinit2.o(.ARM.Collect$$libinit$$00000017)
    __rt_lib_init_rand_1                     0x0000053d   Thumb Code     0  libinit2.o(.ARM.Collect$$libinit$$0000000C)
    __rt_lib_init_return                     0x0000053d   Thumb Code     0  libinit2.o(.ARM.Collect$$libinit$$00000031)
    __rt_lib_init_signal_1                   0x0000053d   Thumb Code     0  libinit2.o(.ARM.Collect$$libinit$$0000001B)
    __rt_lib_init_stdio_1                    0x0000053d   Thumb Code     0  libinit2.o(.ARM.Collect$$libinit$$00000023)
    __rt_lib_init_user_alloc_1               0x0000053d   Thumb Code     0  libinit2.o(.ARM.Collect$$libinit$$0000000A)
    __rt_lib_shutdown                        0x0000053f   Thumb Code     0  libshutdown.o(.ARM.Collect$$libshutdown$$00000000)
    __rt_lib_shutdown_fp_trap_1              0x00000541   Thumb Code     0  libshutdown2.o(.ARM.Collect$$libshutdown$$00000006)
    __rt_lib_shutdown_heap_1                 0x00000541   Thumb Code     0  libshutdown2.o(.ARM.Collect$$libshutdown$$0000000E)
    __rt_lib_shutdown_return                 0x00000541   Thumb Code     0  libshutdown2.o(.ARM.Collect$$libshutdown$$0000000F)
    __rt_lib_shutdown_signal_1               0x00000541   Thumb Code     0  libshutdown2.o(.ARM.Collect$$libshutdown$$00000009)
    __rt_lib_shutdown_stdio_1                0x00000541   Thumb Code     0  libshutdown2.o(.ARM.Collect$$libshutdown$$00000003)
    __rt_lib_shutdown_user_alloc_1           0x00000541   Thumb Code     0  libshutdown2.o(.ARM.Collect$$libshutdown$$0000000B)
    __rt_entry                               0x00000543   Thumb Code     0  rtentry.o(.ARM.Collect$$rtentry$$00000000)
    __rt_entry_presh_1                       0x00000543   Thumb Code     0  rtentry2.o(.ARM.Collect$$rtentry$$00000002)
    __rt_entry_sh                            0x00000543   Thumb Code     0  rtentry4.o(.ARM.Collect$$rtentry$$00000004)
    __rt_entry_li                            0x00000549   Thumb Code     0  rtentry2.o(.ARM.Collect$$rtentry$$0000000A)
    __rt_entry_postsh_1                      0x00000549   Thumb Code     0  rtentry2.o(.ARM.Collect$$rtentry$$00000009)
    __rt_entry_main                          0x0000054d   Thumb Code     0  rtentry2.o(.ARM.Collect$$rtentry$$0000000D)
    __rt_entry_postli_1                      0x0000054d   Thumb Code     0  rtentry2.o(.ARM.Collect$$rtentry$$0000000C)
    __rt_exit                                0x00000555   Thumb Code     0  rtexit.o(.ARM.Collect$$rtexit$$00000000)
    __rt_exit_ls                             0x00000557   Thumb Code     0  rtexit2.o(.ARM.Collect$$rtexit$$00000003)
    __rt_exit_prels_1                        0x00000557   Thumb Code     0  rtexit2.o(.ARM.Collect$$rtexit$$00000002)
    __rt_exit_exit                           0x0000055b   Thumb Code     0  rtexit2.o(.ARM.Collect$$rtexit$$00000004)
    SystemInit                               0x00000561   Thumb Code   136  system_mk64f12.o(.text)
    SystemCoreClockUpdate                    0x000005e9   Thumb Code   324  system_mk64f12.o(.text)
    Reset_Handler                            0x00000751   Thumb Code     8  startup_mk64f12.o(.text)
    HardFault_Handler                        0x0000075b   Thumb Code     2  startup_mk64f12.o(.text)
    MemManage_Handler                        0x0000075d   Thumb Code     2  startup_mk64f12.o(.text)
    BusFault_Handler                         0x0000075f   Thumb Code     2  startup_mk64f12.o(.text)
    UsageFault_Handler                       0x00000761   Thumb Code     2  startup_mk64f12.o(.text)
    SVC_Handler                              0x00000763   Thumb Code     2  startup_mk64f12.o(.text)
    DebugMon_Handler                         0x00000765   Thumb Code     2  startup_mk64f12.o(.text)
    PendSV_Handler                           0x00000767   Thumb Code     2  startup_mk64f12.o(.text)
    SysTick_Handler                          0x00000769   Thumb Code     2  startup_mk64f12.o(.text)
    CAN0_Bus_Off_IRQHandler                  0x0000076b   Thumb Code     0  startup_mk64f12.o(.text)
    CAN0_Error_IRQHandler                    0x0000076b   Thumb Code     0  startup_mk64f12.o(.text)
    CAN0_ORed_Message_buffer_IRQHandler      0x0000076b   Thumb Code     0  startup_mk64f12.o(.text)
    CAN0_Rx_Warning_IRQHandler               0x0000076b   Thumb Code     0  startup_mk64f12.o(.text)
    CAN0_Tx_Warning_IRQHandler               0x0000076b   Thumb Code     0  startup_mk64f12.o(.text)
    CAN0_Wake_Up_IRQHandler                  0x0000076b   Thumb Code     0  startup_mk64f12.o(.text)
    CMP0_IRQHandler                          0x0000076b   Thumb Code     0  startup_mk64f12.o(.text)
    CMP1_IRQHandler                          0x0000076b   Thumb Code     0  startup_mk64f12.o(.text)
    CMP2_IRQHandler                          0x0000076b   Thumb Code     0  startup_mk64f12.o(.text)
    CMT_IRQHandler                           0x0000076b   Thumb Code     0  startup_mk64f12.o(.text)
    DAC0_IRQHandler                          0x0000076b   Thumb Code     0  startup_mk64f12.o(.text)
    DAC1_IRQHandler                          0x0000076b   Thumb Code     0  startup_mk64f12.o(.text)
    DMA0_IRQHandler                          0x0000076b   Thumb Code     0  startup_mk64f12.o(.text)
    DMA10_IRQHandler                         0x0000076b   Thumb Code     0  startup_mk64f12.o(.text)
    DMA11_IRQHandler                         0x0000076b   Thumb Code     0  startup_mk64f12.o(.text)
    DMA12_IRQHandler                         0x0000076b   Thumb Code     0  startup_mk64f12.o(.text)
    DMA13_IRQHandler                         0x0000076b   Thumb Code     0  startup_mk64f12.o(.text)
    DMA14_IRQHandler                         0x0000076b   Thumb Code     0  startup_mk64f12.o(.text)
    DMA15_IRQHandler                         0x0000076b   Thumb Code     0  startup_mk64f12.o(.text)
    DMA1_IRQHandler                          0x0000076b   Thumb Code     0  startup_mk64f12.o(.text)
    DMA2_IRQHandler                          0x0000076b   Thumb Code     0  startup_mk64f12.o(.text)
    DMA3_IRQHandler                          0x0000076b   Thumb Code     0  startup_mk64f12.o(.text)
    DMA4_IRQHandler                          0x0000076b   Thumb Code     0  startup_mk64f12.o(.text)
    DMA5_IRQHandler                          0x0000076b   Thumb Code     0  startup_mk64f12.o(.text)
    DMA6_IRQHandler                          0x0000076b   Thumb Code     0  startup_mk64f12.o(.text)
    DMA7_IRQHandler                          0x0000076b   Thumb Code     0  startup_mk64f12.o(.text)
    DMA8_IRQHandler                          0x0000076b   Thumb Code     0  startup_mk64f12.o(.text)
    DMA9_IRQHandler                          0x0000076b   Thumb Code     0  startup_mk64f12.o(.text)
    DMA_Error_IRQHandler                     0x0000076b   Thumb Code     0  startup_mk64f12.o(.text)
    DefaultISR                               0x0000076b   Thumb Code     0  startup_mk64f12.o(.text)
    ENET_1588_Timer_IRQHandler               0x0000076b   Thumb Code     0  startup_mk64f12.o(.text)
    ENET_Error_IRQHandler                    0x0000076b   Thumb Code     0  startup_mk64f12.o(.text)
    ENET_Receive_IRQHandler                  0x0000076b   Thumb Code     0  startup_mk64f12.o(.text)
    ENET_Transmit_IRQHandler                 0x0000076b   Thumb Code     0  startup_mk64f12.o(.text)
    FTFE_IRQHandler                          0x0000076b   Thumb Code     0  startup_mk64f12.o(.text)
    FTM0_IRQHandler                          0x0000076b   Thumb Code     0  startup_mk64f12.o(.text)
    FTM1_IRQHandler                          0x0000076b   Thumb Code     0  startup_mk64f12.o(.text)
    FTM2_IRQHandler                          0x0000076b   Thumb Code     0  startup_mk64f12.o(.text)
    FTM3_IRQHandler                          0x0000076b   Thumb Code     0  startup_mk64f12.o(.text)
    I2C0_IRQHandler                          0x0000076b   Thumb Code     0  startup_mk64f12.o(.text)
    I2C1_IRQHandler                          0x0000076b   Thumb Code     0  startup_mk64f12.o(.text)
    I2C2_IRQHandler                          0x0000076b   Thumb Code     0  startup_mk64f12.o(.text)
    I2S0_Rx_IRQHandler                       0x0000076b   Thumb Code     0  startup_mk64f12.o(.text)
    I2S0_Tx_IRQHandler                       0x0000076b   Thumb Code     0  startup_mk64f12.o(.text)
    LLW_IRQHandler                           0x0000076b   Thumb Code     0  startup_mk64f12.o(.text)
    LPTimer_IRQHandler                       0x0000076b   Thumb Code     0  startup_mk64f12.o(.text)
    LVD_LVW_IRQHandler                       0x0000076b   Thumb Code     0  startup_mk64f12.o(.text)
    MCG_IRQHandler                           0x0000076b   Thumb Code     0  startup_mk64f12.o(.text)
    MCM_IRQHandler                           0x0000076b   Thumb Code     0  startup_mk64f12.o(.text)
    PDB0_IRQHandler                          0x0000076b   Thumb Code     0  startup_mk64f12.o(.text)
    RNG_IRQHandler                           0x0000076b   Thumb Code     0  startup_mk64f12.o(.text)
    RTC_IRQHandler                           0x0000076b   Thumb Code     0  startup_mk64f12.o(.text)
    RTC_Seconds_IRQHandler                   0x0000076b   Thumb Code     0  startup_mk64f12.o(.text)
    Read_Collision_IRQHandler                0x0000076b   Thumb Code     0  startup_mk64f12.o(.text)
    Reserved71_IRQHandler                    0x0000076b   Thumb Code     0  startup_mk64f12.o(.text)
    SDHC_IRQHandler                          0x0000076b   Thumb Code     0  startup_mk64f12.o(.text)
    SPI0_IRQHandler                          0x0000076b   Thumb Code     0  startup_mk64f12.o(.text)
    SPI1_IRQHandler                          0x0000076b   Thumb Code     0  startup_mk64f12.o(.text)
    SPI2_IRQHandler                          0x0000076b   Thumb Code     0  startup_mk64f12.o(.text)
    SWI_IRQHandler                           0x0000076b   Thumb Code     0  startup_mk64f12.o(.text)
    UART0_ERR_IRQHandler                     0x0000076b   Thumb Code     0  startup_mk64f12.o(.text)
    UART0_LON_IRQHandler                     0x0000076b   Thumb Code     0  startup_mk64f12.o(.text)
    UART1_ERR_IRQHandler                     0x0000076b   Thumb Code     0  startup_mk64f12.o(.text)
    UART2_ERR_IRQHandler                     0x0000076b   Thumb Code     0  startup_mk64f12.o(.text)
    UART3_ERR_IRQHandler                     0x0000076b   Thumb Code     0  startup_mk64f12.o(.text)
    UART4_ERR_IRQHandler                     0x0000076b   Thumb Code     0  startup_mk64f12.o(.text)
    UART5_ERR_IRQHandler                     0x0000076b   Thumb Code     0  startup_mk64f12.o(.text)
    USB0_IRQHandler                          0x0000076b   Thumb Code     0  startup_mk64f12.o(.text)
    USBDCD_IRQHandler                        0x0000076b   Thumb Code     0  startup_mk64f12.o(.text)
    __user_initial_stackheap                 0x0000076d   Thumb Code     0  startup_mk64f12.o(.text)
    PIT_ISR                                  0x00000791   Thumb Code    12  main.o(.text)
    PIT_ISR1                                 0x0000079d   Thumb Code    12  main.o(.text)
    main                                     0x000007a9   Thumb Code   290  main.o(.text)
    AD7366                                   0x00000911   Thumb Code   232  read.o(.text)
    fft                                      0x000009f9   Thumb Code   316  read.o(.text)
    BusSet                                   0x00000b7d   Thumb Code     2  ini.o(.text)
    BusIni                                   0x00000b7f   Thumb Code   252  ini.o(.text)
    ini                                      0x00000c7b   Thumb Code   130  ini.o(.text)
    data_store                               0x00000d01   Thumb Code   150  output.o(.text)
    host_output                              0x00000d97   Thumb Code   104  output.o(.text)
    DataTrans                                0x00000dff   Thumb Code    52  output.o(.text)
    Bus                                      0x00000e33   Thumb Code  1076  output.o(.text)
    SPI                                      0x00001267   Thumb Code   868  output.o(.text)
    PORT_PinMuxConfig                        0x000015d9   Thumb Code    74  gpio.o(.text)
    PORT_PinPullConfig                       0x00001623   Thumb Code   162  gpio.o(.text)
    PORT_PinOpenDrainConfig                  0x000016c5   Thumb Code    72  gpio.o(.text)
    PORT_PinPassiveFilterConfig              0x0000170d   Thumb Code    72  gpio.o(.text)
    GPIO_PinConfig                           0x00001755   Thumb Code    70  gpio.o(.text)
    GPIO_Init                                0x0000179b   Thumb Code   196  gpio.o(.text)
    GPIO_QuickInit                           0x0000185f   Thumb Code    30  gpio.o(.text)
    GPIO_WriteBit                            0x0000187d   Thumb Code    68  gpio.o(.text)
    GPIO_SetBit                              0x000018c1   Thumb Code    24  gpio.o(.text)
    GPIO_ResetBit                            0x000018d9   Thumb Code    24  gpio.o(.text)
    GPIO_ReadBit                             0x000018f1   Thumb Code    50  gpio.o(.text)
    GPIO_ToggleBit                           0x00001923   Thumb Code    24  gpio.o(.text)
    GPIO_ReadPort                            0x0000193b   Thumb Code    12  gpio.o(.text)
    GPIO_WritePort                           0x00001947   Thumb Code    10  gpio.o(.text)
    GPIO_ITDMAConfig                         0x00001951   Thumb Code   380  gpio.o(.text)
    GPIO_CallbackInstall                     0x00001acd   Thumb Code    26  gpio.o(.text)
    PORTA_IRQHandler                         0x00001b17   Thumb Code    10  gpio.o(.text)
    PORTB_IRQHandler                         0x00001b21   Thumb Code    10  gpio.o(.text)
    PORTC_IRQHandler                         0x00001b2b   Thumb Code    10  gpio.o(.text)
    PORTD_IRQHandler                         0x00001b35   Thumb Code    10  gpio.o(.text)
    PORTE_IRQHandler                         0x00001b3f   Thumb Code    10  gpio.o(.text)
    UART_GetTxFIFOSize                       0x00001b75   Thumb Code    22  uart.o(.text)
    UART_WriteByte                           0x00001b8b   Thumb Code   118  uart.o(.text)
    fputc                                    0x00001c01   Thumb Code    20  uart.o(.text)
    UART_ReadByte                            0x00001c15   Thumb Code    56  uart.o(.text)
    fgetc                                    0x00001c4d   Thumb Code    28  uart.o(.text)
    UART_printf                              0x00001cb3   Thumb Code   110  uart.o(.text)
    UART_Init                                0x00001d21   Thumb Code   742  uart.o(.text)
    UART_DeInit                              0x00002007   Thumb Code    76  uart.o(.text)
    UART_SelectDebugInstance                 0x00002053   Thumb Code     6  uart.o(.text)
    UART_EnableTxFIFO                        0x00002059   Thumb Code    46  uart.o(.text)
    UART_EnableRxFIFO                        0x00002087   Thumb Code    46  uart.o(.text)
    UART_GetRxFIFOSize                       0x000020b5   Thumb Code    22  uart.o(.text)
    UART_SetTxFIFOWatermark                  0x000020cb   Thumb Code    50  uart.o(.text)
    UART_SetRxFIFOWatermark                  0x000020fd   Thumb Code    50  uart.o(.text)
    UART_ITDMAConfig                         0x0000212f   Thumb Code   408  uart.o(.text)
    UART_CallbackTxInstall                   0x000022c7   Thumb Code    48  uart.o(.text)
    UART_CallbackRxInstall                   0x000022f7   Thumb Code    48  uart.o(.text)
    UART_QuickInit                           0x00002327   Thumb Code   146  uart.o(.text)
    UART0_RX_TX_IRQHandler                   0x00002477   Thumb Code    10  uart.o(.text)
    UART1_RX_TX_IRQHandler                   0x00002481   Thumb Code    10  uart.o(.text)
    UART2_RX_TX_IRQHandler                   0x0000248b   Thumb Code    10  uart.o(.text)
    UART3_RX_TX_IRQHandler                   0x00002495   Thumb Code    10  uart.o(.text)
    UART4_RX_TX_IRQHandler                   0x0000249f   Thumb Code    10  uart.o(.text)
    UART5_RX_TX_IRQHandler                   0x000024a9   Thumb Code    10  uart.o(.text)
    WDOG_Init                                0x000024e9   Thumb Code   112  wdog.o(.text)
    WDOG_QuickInit                           0x00002559   Thumb Code    24  wdog.o(.text)
    WDOG_ITDMAConfig                         0x00002571   Thumb Code    84  wdog.o(.text)
    WDOG_CallbackInstall                     0x000025c5   Thumb Code     8  wdog.o(.text)
    WDOG_GetResetCounter                     0x000025cd   Thumb Code     6  wdog.o(.text)
    WDOG_ClearResetCounter                   0x000025d3   Thumb Code    10  wdog.o(.text)
    WDOG_GetCurrentCounter                   0x000025dd   Thumb Code    14  wdog.o(.text)
    WDOG_Refresh                             0x000025eb   Thumb Code    32  wdog.o(.text)
    Watchdog_IRQHandler                      0x0000260b   Thumb Code    28  wdog.o(.text)
    ADC_IsConversionCompleted                0x00002635   Thumb Code    26  adc.o(.text)
    ADC_Calibration                          0x0000264f   Thumb Code   254  adc.o(.text)
    ADC_Init                                 0x0000274d   Thumb Code   662  adc.o(.text)
    ADC_EnableHardwareTrigger                0x000029e3   Thumb Code    58  adc.o(.text)
    ADC_ChlMuxConfig                         0x00002a1d   Thumb Code    48  adc.o(.text)
    ADC_QuickInit                            0x00002a4d   Thumb Code   146  adc.o(.text)
    ADC_StartConversion                      0x00002adf   Thumb Code    54  adc.o(.text)
    ADC_ReadValue                            0x00002b15   Thumb Code    16  adc.o(.text)
    ADC_QuickReadValue                       0x00002b25   Thumb Code    54  adc.o(.text)
    ADC_ITDMAConfig                          0x00002b5b   Thumb Code   170  adc.o(.text)
    ADC_CallbackInstall                      0x00002c05   Thumb Code    10  adc.o(.text)
    ADC0_IRQHandler                          0x00002c0f   Thumb Code    16  adc.o(.text)
    ADC1_IRQHandler                          0x00002c1f   Thumb Code    16  adc.o(.text)
    SYSTICK_Init                             0x00002c41   Thumb Code    72  systick.o(.text)
    SYSTICK_ITConfig                         0x00002c89   Thumb Code    40  systick.o(.text)
    SYSTICK_Cmd                              0x00002cb1   Thumb Code    40  systick.o(.text)
    SYSTICK_DelayInit                        0x00002cd9   Thumb Code    24  systick.o(.text)
    SYSTICK_DelayUs                          0x00002cf1   Thumb Code    52  systick.o(.text)
    SYSTICK_DelayMs                          0x00002d25   Thumb Code    66  systick.o(.text)
    SYSTICK_GetVal                           0x00002d67   Thumb Code     8  systick.o(.text)
    GetClock                                 0x00002d7d   Thumb Code   104  common.o(.text)
    EnterSTOPMode                            0x00002de5   Thumb Code    54  common.o(.text)
    QuickInitEncode                          0x00002e1b   Thumb Code     6  common.o(.text)
    GetUID                                   0x00002e21   Thumb Code    16  common.o(.text)
    QuickInitDecode                          0x00002e31   Thumb Code    10  common.o(.text)
    DWT_DelayInit                            0x00002e3b   Thumb Code    30  common.o(.text)
    DWT_DelayUs                              0x00002e59   Thumb Code    62  common.o(.text)
    DWT_DelayMs                              0x00002e97   Thumb Code    18  common.o(.text)
    DelayInit                                0x00002ea9   Thumb Code     8  common.o(.text)
    DelayMs                                  0x00002eb1   Thumb Code    12  common.o(.text)
    DelayUs                                  0x00002ebd   Thumb Code    12  common.o(.text)
    NMI_Handler                              0x00002ec9   Thumb Code     2  common.o(.text)
    CRC16_GenerateSoftware                   0x00002ee5   Thumb Code    58  crc.o(.text)
    CRC_Init                                 0x00002f1f   Thumb Code   164  crc.o(.text)
    CRC_QuickInit                            0x00002fc3   Thumb Code    16  crc.o(.text)
    CRC_Generate                             0x00003001   Thumb Code   210  crc.o(.text)
    PIT_Init                                 0x000030e1   Thumb Code    94  pit.o(.text)
    PIT_QuickInit                            0x0000313f   Thumb Code    20  pit.o(.text)
    PIT_ITDMAConfig                          0x00003153   Thumb Code   114  pit.o(.text)
    PIT_ResetCounter                         0x000031c5   Thumb Code    42  pit.o(.text)
    PIT_GetCounterValue                      0x000031ef   Thumb Code    12  pit.o(.text)
    PIT_CallbackInstall                      0x000031fb   Thumb Code    22  pit.o(.text)
    PIT0_IRQHandler                          0x0000323b   Thumb Code    10  pit.o(.text)
    PIT1_IRQHandler                          0x00003245   Thumb Code    10  pit.o(.text)
    PIT2_IRQHandler                          0x0000324f   Thumb Code    10  pit.o(.text)
    PIT3_IRQHandler                          0x00003259   Thumb Code    10  pit.o(.text)
    arm_cmplx_conj_f32                       0x00003281   Thumb Code   228  arm_cmplx_conj_f32.o(.text)
    arm_cmplx_mult_cmplx_f32                 0x00003365   Thumb Code   240  arm_cmplx_mult_cmplx_f32.o(.text)
    stage_rfft_f32                           0x00003455   Thumb Code   288  arm_rfft_fast_f32.o(.text)
    merge_rfft_f32                           0x00003575   Thumb Code   168  arm_rfft_fast_f32.o(.text)
    arm_rfft_fast_f32                        0x0000361d   Thumb Code    66  arm_rfft_fast_f32.o(.text)
    arm_rfft_fast_init_f32                   0x00003661   Thumb Code   198  arm_rfft_fast_init_f32.o(.text)
    arm_max_f32                              0x00003789   Thumb Code   210  arm_max_f32.o(.text)
    arm_mean_f32                             0x0000385d   Thumb Code   170  arm_mean_f32.o(.text)
    arm_std_f32                              0x0000390d   Thumb Code   258  arm_std_f32.o(.text)
    arm_cfft_radix8by2_f32                   0x00003a15   Thumb Code   398  arm_cfft_f32.o(.text)
    arm_cfft_radix8by4_f32                   0x00003ba3   Thumb Code  1076  arm_cfft_f32.o(.text)
    arm_cfft_f32                             0x00003fd7   Thumb Code   332  arm_cfft_f32.o(.text)
    arm_radix8_butterfly_f32                 0x00004125   Thumb Code  1244  arm_cfft_radix8_f32.o(.text)
    __use_two_region_memory                  0x00004601   Thumb Code     2  heapauxi.o(.text)
    __rt_heap_escrow$2region                 0x00004603   Thumb Code     2  heapauxi.o(.text)
    __rt_heap_expand$2region                 0x00004605   Thumb Code     2  heapauxi.o(.text)
    _fp_trap                                 0x00004609   Thumb Code    44  _fptrap.o(.text)
    __user_setup_stackheap                   0x00004639   Thumb Code    74  sys_stackheap_outer.o(.text)
    exit                                     0x00004683   Thumb Code    12  exit.o(.text)
    __rt_SIGFPE                              0x0000468f   Thumb Code    14  defsig_fpe_outer.o(.text)
    __user_libspace                          0x0000469d   Thumb Code     8  libspace.o(.text)
    __user_perproc_libspace                  0x0000469d   Thumb Code     0  libspace.o(.text)
    __user_perthread_libspace                0x0000469d   Thumb Code     0  libspace.o(.text)
    __sig_exit                               0x000046a5   Thumb Code    10  defsig_exit.o(.text)
    __rt_SIGFPE_inner                        0x000046b1   Thumb Code    62  defsig_fpe_inner.o(.text)
    _sys_exit                                0x0000475d   Thumb Code     8  sys_exit.o(.text)
    __default_signal_display                 0x00004769   Thumb Code    50  defsig_general.o(.text)
    _ttywrch                                 0x0000479b   Thumb Code    14  sys_wrch.o(.text)
    __I$use$semihosting                      0x000047a9   Thumb Code     0  use_no_semi.o(.text)
    __use_no_semihosting_swi                 0x000047a9   Thumb Code     2  use_no_semi.o(.text)
    __semihosting_library_function           0x000047ab   Thumb Code     0  indicate_semi.o(.text)
    __aeabi_d2f                              0x000047ad   Thumb Code     0  d2f_clz.o(x$fpl$d2f)
    _d2f                                     0x000047ad   Thumb Code   700  d2f_clz.o(x$fpl$d2f)
    __aeabi_ddiv                             0x00004a71   Thumb Code     0  ddiv_clz.o(x$fpl$ddiv)
    _ddiv                                    0x00004a71   Thumb Code   744  ddiv_clz.o(x$fpl$ddiv)
    __aeabi_d2uiz                            0x00004de9   Thumb Code     0  dfixu.o(x$fpl$dfixu)
    _dfixu                                   0x00004de9   Thumb Code   212  dfixu.o(x$fpl$dfixu)
    __aeabi_i2d                              0x00004ec5   Thumb Code     0  dflt_clz.o(x$fpl$dflt)
    _dflt                                    0x00004ec5   Thumb Code    46  dflt_clz.o(x$fpl$dflt)
    __dflt_normalise                         0x00004ef3   Thumb Code    26  dflt_clz.o(x$fpl$dfltn)
    __aeabi_dmul                             0x00004f0d   Thumb Code     0  dmul_clz.o(x$fpl$dmul)
    _dmul                                    0x00004f0d   Thumb Code   440  dmul_clz.o(x$fpl$dmul)
    __fpl_dnaninf                            0x000050cd   Thumb Code   258  dnaninf.o(x$fpl$dnaninf)
    __fpl_drenorm2                           0x000051cf   Thumb Code   106  drenorm_clz.o(x$fpl$drenorm)
    __fpl_drenorm1                           0x00005239   Thumb Code     6  drenorm_clz.o(x$fpl$drenorm)
    __fpl_dretinf                            0x0000523f   Thumb Code    12  dretinf.o(x$fpl$dretinf)
    __dunder                                 0x0000524b   Thumb Code   314  dunder_clz.o(x$fpl$dunder)
    __dunder_d                               0x00005385   Thumb Code    64  dunder_clz.o(x$fpl$dunder)
    __fpl_exception                          0x000053c5   Thumb Code   454  except.o(x$fpl$exception)
    __aeabi_f2d                              0x000055b1   Thumb Code     0  f2d.o(x$fpl$f2d)
    _f2d                                     0x000055b1   Thumb Code   122  f2d.o(x$fpl$f2d)
    __fpl_fnaninf                            0x0000562b   Thumb Code   242  fnaninf.o(x$fpl$fnaninf)
    _fp_init                                 0x0000571d   Thumb Code    10  fpinit.o(x$fpl$fpinit)
    __fplib_config_fpu_vfp                   0x00005725   Thumb Code     0  fpinit.o(x$fpl$fpinit)
    __fplib_config_pureend_doubles           0x00005725   Thumb Code     0  fpinit.o(x$fpl$fpinit)
    __fpl_fretinf                            0x00005727   Thumb Code    10  fretinf.o(x$fpl$fretinf)
    __funder                                 0x00005731   Thumb Code   254  funder_clz.o(x$fpl$funder)
    __funder_d                               0x0000582f   Thumb Code    62  funder_clz.o(x$fpl$funder)
    __fpl_return_NaN                         0x0000586d   Thumb Code   178  retnan.o(x$fpl$retnan)
    _fp_trapveneer                           0x0000591f   Thumb Code    36  trapv.o(x$fpl$trapveneer)
    __fpl_cmpreturn                          0x00005943   Thumb Code    90  trapv.o(x$fpl$trapveneer)
    __I$use$fp                               0x0000599c   Number         0  usenofp.o(x$fpl$usenofp)
    twiddleCoef_16                           0x00005a8c   Data         128  arm_common_tables.o(.constdata)
    twiddleCoef_32                           0x00005b0c   Data         256  arm_common_tables.o(.constdata)
    twiddleCoef_64                           0x00005c0c   Data         512  arm_common_tables.o(.constdata)
    twiddleCoef_128                          0x00005e0c   Data        1024  arm_common_tables.o(.constdata)
    twiddleCoef_256                          0x0000620c   Data        2048  arm_common_tables.o(.constdata)
    twiddleCoef_512                          0x00006a0c   Data        4096  arm_common_tables.o(.constdata)
    twiddleCoef_1024                         0x00007a0c   Data        8192  arm_common_tables.o(.constdata)
    twiddleCoef_2048                         0x00009a0c   Data       16384  arm_common_tables.o(.constdata)
    armBitRevIndexTable16                    0x0000da0c   Data          40  arm_common_tables.o(.constdata)
    armBitRevIndexTable32                    0x0000da34   Data          96  arm_common_tables.o(.constdata)
    armBitRevIndexTable64                    0x0000da94   Data         112  arm_common_tables.o(.constdata)
    armBitRevIndexTable128                   0x0000db04   Data         416  arm_common_tables.o(.constdata)
    armBitRevIndexTable256                   0x0000dca4   Data         880  arm_common_tables.o(.constdata)
    armBitRevIndexTable512                   0x0000e014   Data         896  arm_common_tables.o(.constdata)
    armBitRevIndexTable1024                  0x0000e394   Data        3600  arm_common_tables.o(.constdata)
    armBitRevIndexTable2048                  0x0000f1a4   Data        7616  arm_common_tables.o(.constdata)
    twiddleCoef_rfft_32                      0x00010f64   Data         128  arm_common_tables.o(.constdata)
    twiddleCoef_rfft_64                      0x00010fe4   Data         256  arm_common_tables.o(.constdata)
    twiddleCoef_rfft_128                     0x000110e4   Data         512  arm_common_tables.o(.constdata)
    twiddleCoef_rfft_256                     0x000112e4   Data        1024  arm_common_tables.o(.constdata)
    twiddleCoef_rfft_512                     0x000116e4   Data        2048  arm_common_tables.o(.constdata)
    twiddleCoef_rfft_1024                    0x00011ee4   Data        4096  arm_common_tables.o(.constdata)
    twiddleCoef_rfft_2048                    0x00012ee4   Data        8192  arm_common_tables.o(.constdata)
    twiddleCoef_rfft_4096                    0x00014ee4   Data       16384  arm_common_tables.o(.constdata)
    Region$$Table$$Base                      0x00018ef8   Number         0  anon$$obj.o(Region$$Table)
    Region$$Table$$Limit                     0x00018f18   Number         0  anon$$obj.o(Region$$Table)
    SystemCoreClock                          0x20000000   Data           4  system_mk64f12.o(.data)
    G                                        0x2000000c   Data           4  main.o(.data)
    a                                        0x20000010   Data           4  main.o(.data)
    b                                        0x20000014   Data           4  main.o(.data)
    N                                        0x20000018   Data           1  main.o(.data)
    Rg                                       0x2000001c   Data           4  main.o(.data)
    P                                        0x20000020   Data           4  main.o(.data)
    Th                                       0x20000024   Data           4  main.o(.data)
    k1                                       0x20000028   Data           4  main.o(.data)
    k2                                       0x2000002c   Data           4  main.o(.data)
    v_0                                      0x20000030   Data           4  main.o(.data)
    delta                                    0x20000034   Data           4  main.o(.data)
    vorc                                     0x20000038   Data           1  main.o(.data)
    std_lv                                   0x2000003c   Data           4  main.o(.data)
    std_v_pre                                0x20000040   Data           4  main.o(.data)
    fmap_index_pre                           0x20000044   Data           4  main.o(.data)
    zeit_c                                   0x20000048   Data           4  main.o(.data)
    zeit_pre                                 0x2000004c   Data           4  main.o(.data)
    c_pre                                    0x20000050   Data           4  main.o(.data)
    c                                        0x20000054   Data           4  main.o(.data)
    a0                                       0x20000058   Data           2  main.o(.data)
    a1                                       0x2000005a   Data           2  main.o(.data)
    NU                                       0x2000005c   Data           2  main.o(.data)
    dcp_ptr                                  0x2000005e   Data           1  main.o(.data)
    dcp_ptr_pre                              0x2000005f   Data           1  main.o(.data)
    call                                     0x20000060   Data           1  main.o(.data)
    force                                    0x20000062   Data           2  main.o(.data)
    force_pre                                0x20000064   Data           2  main.o(.data)
    alpha_vector                             0x20000068   Data          32  main.o(.data)
    dm_coal                                  0x20000088   Data           4  main.o(.data)
    force_zero                               0x2000008c   Data           4  main.o(.data)
    v_now                                    0x20000090   Data           4  main.o(.data)
    lv_num                                   0x20000094   Data           1  main.o(.data)
    SW                                       0x20000095   Data           1  main.o(.data)
    value                                    0x20000096   Data           2  main.o(.data)
    tc                                       0x20000098   Data           8  main.o(.data)
    cali_num                                 0x200000a0   Data           1  main.o(.data)
    NU_sum                                   0x200000a4   Data           4  main.o(.data)
    v_f                                      0x200000a8   Data           4  main.o(.data)
    echo_data                                0x200000ac   Data           4  main.o(.data)
    iniCount                                 0x200000b0   Data           1  main.o(.data)
    data0                                    0x200000b4   Data       16384  data.o(.data)
    data1                                    0x200040b4   Data       16384  data.o(.data)
    pResult                                  0x200080b8   Data           4  read.o(.data)
    mean                                     0x200080bc   Data           4  read.o(.data)
    Qmax                                     0x200080c0   Data           4  read.o(.data)
    Q                                        0x200080c4   Data           4  read.o(.data)
    pMax                                     0x200080c8   Data           4  read.o(.data)
    pMin                                     0x200080cc   Data           4  read.o(.data)
    v_pre                                    0x200080d0   Data           4  read.o(.data)
    d_zeit_pre                               0x200080d4   Data           4  read.o(.data)
    trash                                    0x200080d8   Data           4  read.o(.data)
    velocity                                 0x200080dc   Data           4  read.o(.data)
    d_zeit                                   0x200080e0   Data           4  read.o(.data)
    diff                                     0x200080e4   Data           4  read.o(.data)
    conZen                                   0x200080e8   Data           4  read.o(.data)
    v_lv                                     0x200080ec   Data           4  read.o(.data)
    std                                      0x200080f0   Data           4  read.o(.data)
    std_v                                    0x200080f4   Data           4  read.o(.data)
    fmap_max                                 0x200080f8   Data           4  read.o(.data)
    pIndex                                   0x200080fc   Data           4  read.o(.data)
    count                                    0x20008100   Data           4  read.o(.data)
    time                                     0x20008104   Data           4  read.o(.data)
    N_start                                  0x20008108   Data           4  read.o(.data)
    mit                                      0x2000810c   Data           4  read.o(.data)
    t_max                                    0x20008110   Data           4  read.o(.data)
    fmap_index                               0x20008114   Data           4  read.o(.data)
    buf                                      0x20008119   Data           8  ini.o(.data)
    i                                        0x20008121   Data           1  ini.o(.data)
    lock                                     0x20008122   Data           1  ini.o(.data)
    full                                     0x20008123   Data           1  ini.o(.data)
    ch_HostRe                                0x20008124   Data           8  ini.o(.data)
    addr_slave                               0x2000812c   Data           1  ini.o(.data)
    addr_host                                0x2000812d   Data           1  ini.o(.data)
    addr_c                                   0x2000812e   Data           1  ini.o(.data)
    Re                                       0x2000812f   Data           1  ini.o(.data)
    isDebugMode                              0x20008130   Data           1  ini.o(.data)
    set                                      0x20008132   Data          20  ini.o(.data)
    outputEn                                 0x20008146   Data           1  ini.o(.data)
    vVecNow                                  0x2000814c   Data           4  output.o(.data)
    cVecNow                                  0x20008150   Data           4  output.o(.data)
    __stdout                                 0x20008158   Data           4  uart.o(.data)
    __stdin                                  0x2000815c   Data           4  uart.o(.data)
    p                                        0x20008230   Data       16384  read.o(.bss)
    q                                        0x2000c230   Data       16384  read.o(.bss)
    pOut0                                    0x20010230   Data       16384  read.o(.bss)
    pOut1                                    0x20014230   Data       16384  read.o(.bss)
    ch                                       0x20018230   Data          17  ini.o(.bss)
    ch_HostOutput                            0x20018241   Data           9  ini.o(.bss)
    __libspace_start                         0x200182a0   Data          96  libspace.o(.bss)
    __temporary_stack_top$libspace           0x20018300   Data           0  libspace.o(.bss)



==============================================================================

Memory Map of the image

  Image Entry point : 0x00000411

  Load Region LR_IROM1 (Base: 0x00000000, Size: 0x00021148, Max: 0x00080000, ABSOLUTE, COMPRESSED[0x0001a85c])

    Execution Region ER_IROM1 (Base: 0x00000000, Size: 0x00018f18, Max: 0x00080000, ABSOLUTE)

    Base Addr    Size         Type   Attr      Idx    E Section Name        Object

    0x00000000   0x00000400   Data   RO           51    RESET               startup_mk64f12.o
    0x00000400   0x00000010   Code   RO           52    .ARM.__at_0x400     startup_mk64f12.o
    0x00000410   0x00000008   Code   RO          845  * !!!main             c_w.l(__main.o)
    0x00000418   0x00000034   Code   RO         1048    !!!scatter          c_w.l(__scatter.o)
    0x0000044c   0x00000064   Code   RO         1046    !!dclz77c           c_w.l(__dclz77c.o)
    0x000004b0   0x0000001c   Code   RO         1050    !!handler_zi        c_w.l(__scatter_zi.o)
    0x000004cc   0x0000006a   Code   RO          837    . text              arm_cortexM4lf_math.lib(arm_bitreversal2.o)
    0x00000536   0x00000002   Code   RO          919    .ARM.Collect$$libinit$$00000000  c_w.l(libinit.o)
    0x00000538   0x00000004   Code   RO          931    .ARM.Collect$$libinit$$00000001  c_w.l(libinit2.o)
    0x0000053c   0x00000000   Code   RO          935    .ARM.Collect$$libinit$$00000008  c_w.l(libinit2.o)
    0x0000053c   0x00000000   Code   RO          937    .ARM.Collect$$libinit$$0000000A  c_w.l(libinit2.o)
    0x0000053c   0x00000000   Code   RO          939    .ARM.Collect$$libinit$$0000000C  c_w.l(libinit2.o)
    0x0000053c   0x00000000   Code   RO          942    .ARM.Collect$$libinit$$0000000F  c_w.l(libinit2.o)
    0x0000053c   0x00000000   Code   RO          944    .ARM.Collect$$libinit$$00000011  c_w.l(libinit2.o)
    0x0000053c   0x00000000   Code   RO          946    .ARM.Collect$$libinit$$00000013  c_w.l(libinit2.o)
    0x0000053c   0x00000000   Code   RO          948    .ARM.Collect$$libinit$$00000015  c_w.l(libinit2.o)
    0x0000053c   0x00000000   Code   RO          950    .ARM.Collect$$libinit$$00000017  c_w.l(libinit2.o)
    0x0000053c   0x00000000   Code   RO          952    .ARM.Collect$$libinit$$00000019  c_w.l(libinit2.o)
    0x0000053c   0x00000000   Code   RO          954    .ARM.Collect$$libinit$$0000001B  c_w.l(libinit2.o)
    0x0000053c   0x00000000   Code   RO          956    .ARM.Collect$$libinit$$0000001D  c_w.l(libinit2.o)
    0x0000053c   0x00000000   Code   RO          958    .ARM.Collect$$libinit$$0000001F  c_w.l(libinit2.o)
    0x0000053c   0x00000000   Code   RO          960    .ARM.Collect$$libinit$$00000021  c_w.l(libinit2.o)
    0x0000053c   0x00000000   Code   RO          962    .ARM.Collect$$libinit$$00000023  c_w.l(libinit2.o)
    0x0000053c   0x00000000   Code   RO          966    .ARM.Collect$$libinit$$0000002A  c_w.l(libinit2.o)
    0x0000053c   0x00000000   Code   RO          968    .ARM.Collect$$libinit$$0000002C  c_w.l(libinit2.o)
    0x0000053c   0x00000000   Code   RO          970    .ARM.Collect$$libinit$$0000002E  c_w.l(libinit2.o)
    0x0000053c   0x00000000   Code   RO          972    .ARM.Collect$$libinit$$00000030  c_w.l(libinit2.o)
    0x0000053c   0x00000002   Code   RO          973    .ARM.Collect$$libinit$$00000031  c_w.l(libinit2.o)
    0x0000053e   0x00000002   Code   RO         1004    .ARM.Collect$$libshutdown$$00000000  c_w.l(libshutdown.o)
    0x00000540   0x00000000   Code   RO         1031    .ARM.Collect$$libshutdown$$00000003  c_w.l(libshutdown2.o)
    0x00000540   0x00000000   Code   RO         1034    .ARM.Collect$$libshutdown$$00000006  c_w.l(libshutdown2.o)
    0x00000540   0x00000000   Code   RO         1037    .ARM.Collect$$libshutdown$$00000009  c_w.l(libshutdown2.o)
    0x00000540   0x00000000   Code   RO         1039    .ARM.Collect$$libshutdown$$0000000B  c_w.l(libshutdown2.o)
    0x00000540   0x00000000   Code   RO         1042    .ARM.Collect$$libshutdown$$0000000E  c_w.l(libshutdown2.o)
    0x00000540   0x00000002   Code   RO         1043    .ARM.Collect$$libshutdown$$0000000F  c_w.l(libshutdown2.o)
    0x00000542   0x00000000   Code   RO          867    .ARM.Collect$$rtentry$$00000000  c_w.l(rtentry.o)
    0x00000542   0x00000000   Code   RO          888    .ARM.Collect$$rtentry$$00000002  c_w.l(rtentry2.o)
    0x00000542   0x00000006   Code   RO          900    .ARM.Collect$$rtentry$$00000004  c_w.l(rtentry4.o)
    0x00000548   0x00000000   Code   RO          890    .ARM.Collect$$rtentry$$00000009  c_w.l(rtentry2.o)
    0x00000548   0x00000004   Code   RO          891    .ARM.Collect$$rtentry$$0000000A  c_w.l(rtentry2.o)
    0x0000054c   0x00000000   Code   RO          893    .ARM.Collect$$rtentry$$0000000C  c_w.l(rtentry2.o)
    0x0000054c   0x00000008   Code   RO          894    .ARM.Collect$$rtentry$$0000000D  c_w.l(rtentry2.o)
    0x00000554   0x00000002   Code   RO          923    .ARM.Collect$$rtexit$$00000000  c_w.l(rtexit.o)
    0x00000556   0x00000000   Code   RO          977    .ARM.Collect$$rtexit$$00000002  c_w.l(rtexit2.o)
    0x00000556   0x00000004   Code   RO          978    .ARM.Collect$$rtexit$$00000003  c_w.l(rtexit2.o)
    0x0000055a   0x00000006   Code   RO          979    .ARM.Collect$$rtexit$$00000004  c_w.l(rtexit2.o)
    0x00000560   0x000001f0   Code   RO            3    .text               system_mk64f12.o
    0x00000750   0x00000040   Code   RO           53    .text               startup_mk64f12.o
    0x00000790   0x00000180   Code   RO           61    .text               main.o
    0x00000910   0x0000026c   Code   RO          195    .text               read.o
    0x00000b7c   0x00000184   Code   RO          220    .text               ini.o
    0x00000d00   0x000008d8   Code   RO          311    .text               output.o
    0x000015d8   0x0000059c   Code   RO          335    .text               gpio.o
    0x00001b74   0x00000960   Code   RO          365    .text               uart.o
    0x000024d4   0x00000160   Code   RO          399    .text               wdog.o
    0x00002634   0x0000060c   Code   RO          421    .text               adc.o
    0x00002c40   0x0000013c   Code   RO          444    .text               systick.o
    0x00002d7c   0x00000168   Code   RO          466    .text               common.o
    0x00002ee4   0x000001fc   Code   RO          526    .text               crc.o
    0x000030e0   0x000001a0   Code   RO          548    .text               pit.o
    0x00003280   0x000000e4   Code   RO          572    .text               arm_cortexM4lf_math.lib(arm_cmplx_conj_f32.o)
    0x00003364   0x000000f0   Code   RO          617    .text               arm_cortexM4lf_math.lib(arm_cmplx_mult_cmplx_f32.o)
    0x00003454   0x0000020a   Code   RO          637    .text               arm_cortexM4lf_math.lib(arm_rfft_fast_f32.o)
    0x0000365e   0x00000002   PAD
    0x00003660   0x00000128   Code   RO          658    .text               arm_cortexM4lf_math.lib(arm_rfft_fast_init_f32.o)
    0x00003788   0x000000d2   Code   RO          682    .text               arm_cortexM4lf_math.lib(arm_max_f32.o)
    0x0000385a   0x00000002   PAD
    0x0000385c   0x000000b0   Code   RO          702    .text               arm_cortexM4lf_math.lib(arm_mean_f32.o)
    0x0000390c   0x00000108   Code   RO          722    .text               arm_cortexM4lf_math.lib(arm_std_f32.o)
    0x00003a14   0x0000070e   Code   RO          745    .text               arm_cortexM4lf_math.lib(arm_cfft_f32.o)
    0x00004122   0x00000002   PAD
    0x00004124   0x000004dc   Code   RO          819    .text               arm_cortexM4lf_math.lib(arm_cfft_radix8_f32.o)
    0x00004600   0x00000006   Code   RO          843    .text               c_w.l(heapauxi.o)
    0x00004606   0x00000002   PAD
    0x00004608   0x00000030   Code   RO          902    .text               c_w.l(_fptrap.o)
    0x00004638   0x0000004a   Code   RO          906    .text               c_w.l(sys_stackheap_outer.o)
    0x00004682   0x0000000c   Code   RO          908    .text               c_w.l(exit.o)
    0x0000468e   0x0000000e   Code   RO          910    .text               c_w.l(defsig_fpe_outer.o)
    0x0000469c   0x00000008   Code   RO          920    .text               c_w.l(libspace.o)
    0x000046a4   0x0000000a   Code   RO          927    .text               c_w.l(defsig_exit.o)
    0x000046ae   0x00000002   PAD
    0x000046b0   0x000000ac   Code   RO          929    .text               c_w.l(defsig_fpe_inner.o)
    0x0000475c   0x0000000c   Code   RO          974    .text               c_w.l(sys_exit.o)
    0x00004768   0x00000032   Code   RO          985    .text               c_w.l(defsig_general.o)
    0x0000479a   0x0000000e   Code   RO          991    .text               c_w.l(sys_wrch.o)
    0x000047a8   0x00000002   Code   RO          993    .text               c_w.l(use_no_semi.o)
    0x000047aa   0x00000000   Code   RO          995    .text               c_w.l(indicate_semi.o)
    0x000047aa   0x00000002   PAD
    0x000047ac   0x000002c4   Code   RO          847    x$fpl$d2f           g_wm.l(d2f_clz.o)
    0x00004a70   0x00000378   Code   RO          850    x$fpl$ddiv          g_wm.l(ddiv_clz.o)
    0x00004de8   0x000000dc   Code   RO          853    x$fpl$dfixu         g_wm.l(dfixu.o)
    0x00004ec4   0x0000002e   Code   RO          858    x$fpl$dflt          g_wm.l(dflt_clz.o)
    0x00004ef2   0x0000001a   Code   RO          859    x$fpl$dfltn         g_wm.l(dflt_clz.o)
    0x00004f0c   0x000001c0   Code   RO          863    x$fpl$dmul          g_wm.l(dmul_clz.o)
    0x000050cc   0x00000102   Code   RO          868    x$fpl$dnaninf       g_wm.l(dnaninf.o)
    0x000051ce   0x00000070   Code   RO          870    x$fpl$drenorm       g_wm.l(drenorm_clz.o)
    0x0000523e   0x0000000c   Code   RO          872    x$fpl$dretinf       g_wm.l(dretinf.o)
    0x0000524a   0x0000017a   Code   RO          874    x$fpl$dunder        g_wm.l(dunder_clz.o)
    0x000053c4   0x000001ec   Code   RO          876    x$fpl$exception     g_wm.l(except.o)
    0x000055b0   0x0000007a   Code   RO          865    x$fpl$f2d           g_wm.l(f2d.o)
    0x0000562a   0x000000f2   Code   RO          878    x$fpl$fnaninf       g_wm.l(fnaninf.o)
    0x0000571c   0x0000000a   Code   RO          989    x$fpl$fpinit        g_wm.l(fpinit.o)
    0x00005726   0x0000000a   Code   RO          880    x$fpl$fretinf       g_wm.l(fretinf.o)
    0x00005730   0x0000013c   Code   RO          882    x$fpl$funder        g_wm.l(funder_clz.o)
    0x0000586c   0x000000b2   Code   RO          904    x$fpl$retnan        g_wm.l(retnan.o)
    0x0000591e   0x0000007e   Code   RO          884    x$fpl$trapveneer    g_wm.l(trapv.o)
    0x0000599c   0x00000000   Code   RO          886    x$fpl$usenofp       g_wm.l(usenofp.o)
    0x0000599c   0x00000041   Data   RO          337    .constdata          gpio.o
    0x000059dd   0x00000003   PAD
    0x000059e0   0x00000084   Data   RO          367    .constdata          uart.o
    0x00005a64   0x00000022   Data   RO          422    .constdata          adc.o
    0x00005a86   0x00000004   Data   RO          550    .constdata          pit.o
    0x00005a8a   0x00000002   PAD
    0x00005a8c   0x00000080   Data   RO          766    .constdata          arm_cortexM4lf_math.lib(arm_common_tables.o)
    0x00005b0c   0x00000100   Data   RO          767    .constdata          arm_cortexM4lf_math.lib(arm_common_tables.o)
    0x00005c0c   0x00000200   Data   RO          768    .constdata          arm_cortexM4lf_math.lib(arm_common_tables.o)
    0x00005e0c   0x00000400   Data   RO          769    .constdata          arm_cortexM4lf_math.lib(arm_common_tables.o)
    0x0000620c   0x00000800   Data   RO          770    .constdata          arm_cortexM4lf_math.lib(arm_common_tables.o)
    0x00006a0c   0x00001000   Data   RO          771    .constdata          arm_cortexM4lf_math.lib(arm_common_tables.o)
    0x00007a0c   0x00002000   Data   RO          772    .constdata          arm_cortexM4lf_math.lib(arm_common_tables.o)
    0x00009a0c   0x00004000   Data   RO          773    .constdata          arm_cortexM4lf_math.lib(arm_common_tables.o)
    0x0000da0c   0x00000028   Data   RO          779    .constdata          arm_cortexM4lf_math.lib(arm_common_tables.o)
    0x0000da34   0x00000060   Data   RO          780    .constdata          arm_cortexM4lf_math.lib(arm_common_tables.o)
    0x0000da94   0x00000070   Data   RO          781    .constdata          arm_cortexM4lf_math.lib(arm_common_tables.o)
    0x0000db04   0x000001a0   Data   RO          782    .constdata          arm_cortexM4lf_math.lib(arm_common_tables.o)
    0x0000dca4   0x00000370   Data   RO          783    .constdata          arm_cortexM4lf_math.lib(arm_common_tables.o)
    0x0000e014   0x00000380   Data   RO          784    .constdata          arm_cortexM4lf_math.lib(arm_common_tables.o)
    0x0000e394   0x00000e10   Data   RO          785    .constdata          arm_cortexM4lf_math.lib(arm_common_tables.o)
    0x0000f1a4   0x00001dc0   Data   RO          786    .constdata          arm_cortexM4lf_math.lib(arm_common_tables.o)
    0x00010f64   0x00000080   Data   RO          788    .constdata          arm_cortexM4lf_math.lib(arm_common_tables.o)
    0x00010fe4   0x00000100   Data   RO          789    .constdata          arm_cortexM4lf_math.lib(arm_common_tables.o)
    0x000110e4   0x00000200   Data   RO          790    .constdata          arm_cortexM4lf_math.lib(arm_common_tables.o)
    0x000112e4   0x00000400   Data   RO          791    .constdata          arm_cortexM4lf_math.lib(arm_common_tables.o)
    0x000116e4   0x00000800   Data   RO          792    .constdata          arm_cortexM4lf_math.lib(arm_common_tables.o)
    0x00011ee4   0x00001000   Data   RO          793    .constdata          arm_cortexM4lf_math.lib(arm_common_tables.o)
    0x00012ee4   0x00002000   Data   RO          794    .constdata          arm_cortexM4lf_math.lib(arm_common_tables.o)
    0x00014ee4   0x00004000   Data   RO          795    .constdata          arm_cortexM4lf_math.lib(arm_common_tables.o)
    0x00018ee4   0x00000011   Data   RO          368    .conststring        uart.o
    0x00018ef5   0x00000003   PAD
    0x00018ef8   0x00000020   Data   RO         1044    Region$$Table       anon$$obj.o


    Execution Region RW_IRAM1 (Base: 0x20000000, Size: 0x00018f00, Max: 0x00020000, ABSOLUTE, COMPRESSED[0x00001944])

    Base Addr    Size         Type   Attr      Idx    E Section Name        Object

    0x20000000   0x00000004   Data   RW            4    .data               system_mk64f12.o
    0x20000004   0x00000004   PAD
    0x20000008   0x000000a9   Data   RW           63    .data               main.o
    0x200000b1   0x00000003   PAD
    0x200000b4   0x00008000   Data   RW          175    .data               data.o
    0x200080b4   0x00000064   Data   RW          197    .data               read.o
    0x20008118   0x0000002f   Data   RW          222    .data               ini.o
    0x20008147   0x00000001   PAD
    0x20008148   0x0000000c   Data   RW          312    .data               output.o
    0x20008154   0x00000011   Data   RW          369    .data               uart.o
    0x20008165   0x00000003   PAD
    0x20008168   0x00000004   Data   RW          400    .data               wdog.o
    0x2000816c   0x00000008   Data   RW          423    .data               adc.o
    0x20008174   0x00000008   Data   RW          445    .data               systick.o
    0x2000817c   0x000000b0   Data   RW          527    .data               crc.o
    0x2000822c   0x00000004   Data   RW          551    .data               pit.o
    0x20008230   0x00010000   Zero   RW          196    .bss                read.o
    0x20018230   0x0000001a   Zero   RW          221    .bss                ini.o
    0x2001824a   0x00000002   PAD
    0x2001824c   0x00000014   Zero   RW          336    .bss                gpio.o
    0x20018260   0x00000030   Zero   RW          366    .bss                uart.o
    0x20018290   0x00000010   Zero   RW          549    .bss                pit.o
    0x200182a0   0x00000060   Zero   RW          921    .bss                c_w.l(libspace.o)
    0x20018300   0x00000400   Zero   RW           50    HEAP                startup_mk64f12.o
    0x20018700   0x00000800   Zero   RW           49    STACK               startup_mk64f12.o


==============================================================================

Image component sizes


      Code (inc. data)   RO Data    RW Data    ZI Data      Debug   Object Name

      1548         36         34          8          0       4835   adc.o
       360         26          0          0          0       3848   common.o
       508         14          0        176          0       2377   crc.o
         0          0          0      32768          0        602   data.o
      1436         62         65          0         20      31138   gpio.o
       388          4          0         47         26       2348   ini.o
       384         70          0        169          0     373527   main.o
      2264        122          0         12          0       3545   output.o
       416         30          4          4         16       3422   pit.o
       620         72          0        100      65536       2646   read.o
        80         42       1024          0       3072       1204   startup_mk64f12.o
       496         44          0          4          0       5785   system_mk64f12.o
       316         14          0          8          0       2225   systick.o
      2400         70        149         17         48      33757   uart.o
       352         14          0          4          0       3229   wdog.o

    ----------------------------------------------------------------------
     11568        620       1316      33328      68720     474488   Object Totals
         0          0         32          0          0          0   (incl. Generated)
         0          0          8         11          2          0   (incl. Padding)

    ----------------------------------------------------------------------

      Code (inc. data)   RO Data    RW Data    ZI Data      Debug   Library Member Name

       106          0          0          0          0        464   arm_bitreversal2.o
      1806          0          0          0          0       3549   arm_cfft_f32.o
      1244          4          0          0          0       2375   arm_cfft_radix8_f32.o
       228          0          0          0          0      16349   arm_cmplx_conj_f32.o
       240          0          0          0          0        963   arm_cmplx_mult_cmplx_f32.o
         0          0      78936          0          0       2752   arm_common_tables.o
       210          0          0          0          0       1310   arm_max_f32.o
       176          6          0          0          0        903   arm_mean_f32.o
       522          0          0          0          0       2404   arm_rfft_fast_f32.o
       296         98          0          0          0       1149   arm_rfft_fast_init_f32.o
       264          6          0          0          0      13602   arm_std_f32.o
       100          0          0          0          0          0   __dclz77c.o
         8          0          0          0          0         68   __main.o
        52          8          0          0          0          0   __scatter.o
        28          0          0          0          0          0   __scatter_zi.o
        48          4          0          0          0         84   _fptrap.o
        10          0          0          0          0         68   defsig_exit.o
       172        110          0          0          0         76   defsig_fpe_inner.o
        14          0          0          0          0         80   defsig_fpe_outer.o
        50          0          0          0          0         88   defsig_general.o
        12          0          0          0          0         72   exit.o
         6          0          0          0          0        152   heapauxi.o
         0          0          0          0          0          0   indicate_semi.o
         2          0          0          0          0          0   libinit.o
         6          0          0          0          0          0   libinit2.o
         2          0          0          0          0          0   libshutdown.o
         2          0          0          0          0          0   libshutdown2.o
         8          4          0          0         96         68   libspace.o
         0          0          0          0          0          0   rtentry.o
        12          0          0          0          0          0   rtentry2.o
         6          0          0          0          0          0   rtentry4.o
         2          0          0          0          0          0   rtexit.o
        10          0          0          0          0          0   rtexit2.o
        12          4          0          0          0         68   sys_exit.o
        74          0          0          0          0         80   sys_stackheap_outer.o
        14          0          0          0          0         76   sys_wrch.o
         2          0          0          0          0         68   use_no_semi.o
       708         16          0          0          0        140   d2f_clz.o
       888        152          0          0          0        292   ddiv_clz.o
       220         16          0          0          0        192   dfixu.o
        72          0          0          0          0        232   dflt_clz.o
       448         16          0          0          0        164   dmul_clz.o
       258          4          0          0          0        156   dnaninf.o
       112          0          0          0          0        160   drenorm_clz.o
        12          0          0          0          0        116   dretinf.o
       378          0          0          0          0        168   dunder_clz.o
       492         36          0          0          0        148   except.o
       122          8          0          0          0        132   f2d.o
       242          4          0          0          0        144   fnaninf.o
        10          0          0          0          0        116   fpinit.o
        10          0          0          0          0        116   fretinf.o
       316          0          0          0          0        132   funder_clz.o
       178          0          0          0          0        116   retnan.o
       126          0          0          0          0        148   trapv.o
         0          0          0          0          0          0   usenofp.o

    ----------------------------------------------------------------------
     10348        496      78936          0         96      49540   Library Totals
        12          0          0          0          0          0   (incl. Padding)

    ----------------------------------------------------------------------

      Code (inc. data)   RO Data    RW Data    ZI Data      Debug   Library Name

      5092        114      78936          0          0      45820   arm_cortexM4lf_math.lib
       652        130          0          0         96       1048   c_w.l
      4592        252          0          0          0       2672   g_wm.l

    ----------------------------------------------------------------------
     10348        496      78936          0         96      49540   Library Totals

    ----------------------------------------------------------------------

==============================================================================


      Code (inc. data)   RO Data    RW Data    ZI Data      Debug   

     21916       1116      80252      33328      68816     518260   Grand Totals
     21916       1116      80252       6468      68816     518260   ELF Image Totals (compressed)
     21916       1116      80252       6468          0          0   ROM Totals

==============================================================================

    Total RO  Size (Code + RO Data)               102168 (  99.77kB)
    Total RW  Size (RW Data + ZI Data)            102144 (  99.75kB)
    Total ROM Size (Code + RO Data + RW Data)     108636 ( 106.09kB)

==============================================================================

